1일봉 장부 연 20.05 나쁜하루 20241030 -4.66 나쁜달 202512 -7.26 낙폭 -14.1
    {'2017': 4.9, '2018': 12.7, '2019': 10.7, '2020': 28.7, '2021': 3.8, '2022': 13.2, '2023': 58.4, '2024': 12.2, '2025': 22.4, '2026': 30.3}
되돌림 단독 연 6.93 나쁜하루 20200319 -6.2 나쁜달 202209 -7.87 낙폭 -17.5
    {'2017': 0.0, '2018': 1.4, '2019': -6.1, '2020': 40.7, '2021': -2.6, '2022': 10.4, '2023': 5.2, '2024': 9.5, '2025': 7.0, '2026': 6.0}
결합 80/20 연 17.6 나쁜하루 20241030 -4.13 나쁜달 202512 -5.81 낙폭 -11.4
    {'2017': 3.9, '2018': 10.5, '2019': 7.2, '2020': 31.4, '2021': 2.6, '2022': 12.9, '2023': 46.5, '2024': 12.0, '2025': 19.5, '2026': 25.6}
결합 90/10 연 18.84 나쁜하루 20241030 -4.4 나쁜달 202512 -6.54 낙폭 -12.7
    {'2017': 4.4, '2018': 11.6, '2019': 8.9, '2020': 30.1, '2021': 3.2, '2022': 13.0, '2023': 52.4, '2024': 12.1, '2025': 21.0, '2026': 28.0}
1일봉 나쁜 달 10개: 달 · 1일봉 · 되돌림 · 결합80/20
   202512 -7.26 0.0 -5.81
   202606 -7.04 0.0 -5.63
   202404 -4.93 0.0 -3.95
   202412 -4.54 2.98 -3.03
   202310 -4.37 -5.47 -4.59
   202408 -4.21 2.75 -2.82
   201909 -3.9 0.37 -3.05
   202507 -3.74 0.0 -2.99
   202607 -3.73 2.4 -2.5
   202201 -3.64 0.05 -2.9
날 수익 상관 0.135 날 수 2359
